[95mDE[30mABCDEABCDE[31mABCDEABCDE[32mABCDEABCDE[33mABCDEABCDE[34mABCDEABCDE[35mABCDEABCDE[36mABCDEABCDE[37mABCDEABCDE[90mABCDEABCDE[91mABCDEABCDE[92mABCDEABCDE[93mABCDEABCDE[94mABCDEABCDE[95mABC
[95mDE[30mABCDEABCDE[31mABCDEABCDE[32mABCDEABCDE[33mABCDEABCDE[34mABCDEABCDE[35mABCDEABCDE[36mABCDEABCDE[37mABCDEABCDE[90mABCDEABCDE[91mABCDEABCDE[92mABCDEABCDE[93mABCDEABCDE[94mABCDEABCDE[95mABC
[95mDE[30mABCDEABCDE[31mABCDEABCDE[32mABCDEABCDE[33mABCDEABCDE[34mABCDEABCDE[35mABCDEABCDE[36mABCDEABCDE[37mABCDEABCDE[90mABCDEABCDE[91mABCDEABCDE[92mABCDEABCDE[93mABCDEABCDE[94mABCDEABCDE[95mABC
[95mDE[30mABCDEABCDE[31mABCDEABCDE[32mABCDEABCDE[33mABCDEABCDE[34mABCDEABCDE[35mABCDEABCDE[36mABCDEABCDE[37mABCDEABCDE[90mABCDEABCDE[91mABCDEABCDE[92mABCDEABCDE[93mABCDEABCDE[94mABCDEABCDE[95mABC
[95mDE[30mABCDEABCDE[31mABCDEABCDE[32mABCDEABCDE[33mABCDEABCDE[34mABCDEABCDE[35mABCDEABCDE[36mABCDEABCDE[37mABCDEABCDE[90mABCDEABCDE[91mABCDEABCDE[92mABCDEABCDE[93mABCDEABCDE[94mABCDEABCDE[95mABC
[95mDE[30mABCDEABCDE[31mABCDEABCDE[32mABCDEABCDE[33mABCDEABCDE[34mABCDEABCDE[35mABCDEABCDE[36mABCDEABCDE[37mABCDEABCDE[90mABCDEABCDE[91mABCDEABCDE[92mABCDEABCDE[93mABCDEABCDE[94mABCDEABCDE[95mABC
[95mDE[30mABCDEABCDE[31mABCDEABCDE[32mABCDEABCDE[33mABCDEABCDE[34mABCDEABCDE[35mABCDEABCDE[36mABCDEABCDE[37mABCDEABCDE[90mABCDEABCDE[91mABCDEABCDE[92mABCDEABCDE[93mABCDEABCDE[94mABCDEABCDE[95mABC
[95mDE[30mABCDEABCDE[31mABCDEABCDE[32mABCDEABCDE[33mABCDEABCDE[34mABCDEABCDE[35mABCDEABCDE[36mABCDEABCDE[37mABCDEABCDE[90mABCDEABCDE[91mABCDEABCDE[92mABCDEABCDE[93mABCDEABCDE[94mABCDEABCDE[95mABC
[95mDE[30mABCDEABCDE[31mABCDEABCDE[32mABCDEABCDE[33mABCDEABCDE[34mABCDEABCDE[35mABCDEABCDE[36mABCDEABCDE[37mABCDEABCDE[90mABCDEABCDE[91mABCDEABCDE[92mABCDEABCDE[93mABCDEABCDE[94mABCDEABCDE[95mABC
[95mDE[30mABCDEABCDE[31mABCDEABCDE[32mABCDEABCDE[33mABCDEABCDE[34mABCDEABCDE[35mABCDEABCDE[36mABCDEABCDE[37mABCDEABCDE[90mABCDEABCDE[91mABCDEABCDE[92mABCDEABCDE[93mABCDEABCDE[94mABCDEABCDE[95mABC
[95mDE[30mABCDEABCDE[31mABCDEABCDE[32mABCDEABCDE[33mABCDEABCDE[34mABCDEABCDE[35mABCDEABCDE[36mABCDEABCDE[37mABCDEABCDE[90mABCDEABCDE[91mABCDEABCDE[92mABCDEABCDE[93mABCDEABCDE[94mABCDEABCDE[95mABC
[95mDE[30mABCDEABCDE[31mABCDEABCDE[32mABCDEABCDE[33mABCDEABCDE[34mABCDEABCDE[35mABCDEABCDE[36mABCDEABCDE[37mABCDEABCDE[90mABCDEABCDE[91mABCDEABCDE[92mABCDEABCDE[93mABCDEABCDE[94mABCDEABCDE[95mABC
[95mDE[30mABCDEABCDE[31mABCDEABCDE[32mABCDEABCDE[33mABCDEABCDE[34mABCDEABCDE[35mABCDEABCDE[36mABCDEABCDE[37mABCDEABCDE[90mABCDEABCDE[91mABCDEABCDE[92mABCDEABCDE[93mABCDEABCDE[94mABCDEABCDE[95mABC
[95mDE[30mABCDEABCDE[31mABCDEABCDE[32mABCDEABCDE[33mABCDEABCDE[34mABCDEABCDE[35mABCDEABCDE[36mABCDEABCDE[37mABCDEABCDE[90mABCDEABCDE[91mABCDEABCDE[92mABCDEABCDE[93mABCDEABCDE[94mABCDEABCDE[95mABC
[95mDE[30mABCDEABCDE[31mABCDEABCDE[32mABCDEABCDE[33mABCDEABCDE[34mABCDEABCDE[35mABCDEABCDE[36mABCDEABCDE[37mABCDEABCDE[90mABCDEABCDE[91mABCDEABCDE[92mABCDEABCDE[93mABCDEABCDE[94mABCDEABCDE[95mABC
[95mDE[30mABCDEABCDE[31mABCDEABCDE[32mABCDEABCDE[33mABCDEABCDE[34mABCDEABCDE[35mABCDEABCDE[36mABCDEABCDE[37mABCDEABCDE[90mABCDEABCDE[91mABCDEABCDE[92mABCDEABCDE[93mABCDEABCDE[94mABCDEABCDE[95mABC
[95mDE[30mABCDEABCDE[31mABCDEABCDE[32mABCDEABCDE[33mABCDEABCDE[34mABCDEABCDE[35mABCDEABCDE[36mABCDEABCDE[37mABCDEABCDE[90mABCDEABCDE[91mABCDEABCDE[92mABCDEABCDE[93mABCDEABCDE[94mABCDEABCDE[95mABC
[95mDE[30mABCDEABCDE[31mABCDEABCDE[32mABCDEABCDE[33mABCDEABCDE[34mABCDEABCDE[35mABCDEABCDE[36mABCDEABCDE[37mABCDEABCDE[90mABCDEABCDE[91mABCDEABCDE[92mABCDEABCDE[93mABCDEABCDE[94mABCDEABCDE[95mABC
[95mDE[30mABCDEABCDE[31mABCDEABCDE[32mABCDEABCDE[33mABCDEABCDE[34mABCDEABCDE[35mABCDEABCDE[36mABCDEABCDE[37mABCDEABCDE[90mABCDEABCDE[91mABCDEABCDE[92mABCDEABCDE[93mABCDEABCDE[94mABCDEABCDE[95mABC
[95mDE[30mABCDEABCDE[31mABCDEABCDE[32mABCDEABCDE[33mABCDEABCDE[34mABCDEABCDE[35mABCDEABCDE[36mABCDEABCDE[37mABCDEABCDE[90mABCDEABCDE[91mABCDEABCDE[92mABCDEABCDE[93mABCDEABCDE[94mABCDEABCDE[95mABC
[95mDE[30mABCDEABCDE[31mABCDEABCDE[32mABCDEABCDE[33mABCDEABCDE[34mABCDEABCDE[35mABCDEABCDE[36mABCDEABCDE[37mABCDEABCDE[90mABCDEABCDE[91mABCDEABCDE[92mABCDEABCDE[93mABCDEABCDE[94mABCDEABCDE[95mABC
[95mDE[30mABCDEABCDE[31mABCDEABCDE[32mABCDEABCDE[33mABCDEABCDE[34mABCDEABCDE[35mABCDEABCDE[36mABCDEABCDE[37mABCDEABCDE[90mABCDEABCDE[91mABCDEABCDE[92mABCDEABCDE[93mABCDEABCDE[94mABCDEABCDE[95mABC
[95mDE[30mABCDEABCDE[31mABCDEABCDE[32mABCDEABCDE[33mABCDEABCDE[34mABCDEABCDE[35mABCDEABCDE[36mABCDEABCDE[37mABCDEABCDE[90mABCDEABCDE[91mABCDEABCDE[92mABCDEABCDE[93mABCDEABCDE[94mABCDEABCDE[95mABC
[95mDE[30mABCDEABCDE[31mABCDEABCDE[32mABCDEABCDE[33mABCDEABCDE[34mABCDEABCDE[35mABCDEABCDE[36mABCDEABCDE[37mABCDEABCDE[90mABCDEABCDE[91mABCDEABCDE[92mABCDEABCDE[93mABCDEABCDE[94mABCDEABCDE[95mABC
[95mDE[30mABCDEABCDE[31mABCDEABCDE[32mABCDEABCDE[33mABCDEABCDE[34mABCDEABCDE[35mABCDEABCDE[36mABCDEABCDE[37mABCDEABCDE[90mABCDEABCDE[91mABCDEABCDE[92mABCDEABCDE[93mABCDEABCDE[94mABCDEABCDE[95mABC
[95mDE[30mABCDEABCDE[31mABCDEABCDE[32mABCDEABCDE[33mABCDEABCDE[34mABCDEABCDE[35mABCDEABCDE[36mABCDEABCDE[37mABCDEABCDE[90mABCDEABCDE[91mABCDEABCDE[92mABCDEABCDE[93mABCDEABCDE[94mABCDEABCDE[95mABC
[95mDE[30mABCDEABCDE[31mABCDEABCDE[32mABCDEABCDE[33mABCDEABCDE[34mABCDEABCDE[35mABCDEABCDE[36mABCDEABCDE[37mABCDEABCDE[90mABCDEABCDE[91mABCDEABCDE[92mABCDEABCDE[93mABCDEABCDE[94mABCDEABCDE[95mABC
[95mDE[30mABCDEABCDE[31mABCDEABCDE[32mABCDEABCDE[33mABCDEABCDE[34mABCDEABCDE[35mABCDEABCDE[36mABCDEABCDE[37mABCDEABCDE[90mABCDEABCDE[91mABCDEABCDE[92mABCDEABCDE[93mABCDEABCDE[94mABCDEABCDE[95mABC
[95mDE[30mABCDEABCDE[31mABCDEABCDE[32mABCDEABCDE[33mABCDEABCDE[34mABCDEABCDE[35mABCDEABCDE[36mABCDEABCDE[37mABCDEABCDE[90mABCDEABCDE[91mABCDEABCDE[92mABCDEABCDE[93mABCDEABCDE[94mABCDEABCDE[95mABC
[95mDE[30mABCDEABCDE[31mABCDEABCDE[32mABCDEABCDE[33mABCDEABCDE[34mABCDEABCDE[35mABCDEABCDE[36mABCDEABCDE[37mABCDEABCDE[90mABCDEABCDE[91mABCDEABCDE[92mABCDEABCDE[93mABCDEABCDE[94mABCDEABCDE[95mABC
[95mDE[30mABCDEABCDE[31mABCDEABCDE[32mABCDEABCDE[33mABCDEABCDE[34mABCDEABCDE[35mABCDEABCDE[36mABCDEABCDE[37mABCDEABCDE[90mABCDEABCDE[91mABCDEABCDE[92mABCDEABCDE[93mABCDEABCDE[94mABCDEABCDE[95mABC
[95mDE[30mABCDEABCDE[31mABCDEABCDE[32mABCDEABCDE[33mABCDEABCDE[34mABCDEABCDE[35mABCDEABCDE[36mABCDEABCDE[37mABCDEABCDE[90mABCDEABCDE[91mABCDEABCDE[92mABCDEABCDE[93mABCDEABCDE[94mABCDEABCDE[95mABC
[95mDE[30mABCDEABCDE[31mABCDEABCDE[32mABCDEABCDE[33mABCDEABCDE[34mABCDEABCDE[35mABCDEABCDE[36mABCDEABCDE[37mABCDEABCDE[90mABCDEABCDE[91mABCDEABCDE[92mABCDEABCDE[93mABCDEABCDE[94mABCDEABCDE[95mABC
[95mDE[30mABCDEABCDE[31mABCDEABCDE[32mABCDEABCDE[33mABCDEABCDE[34mABCDEABCDE[35mABCDEABCDE[36mABCDEABCDE[37mABCDEABCDE[90mABCDEABCDE[91mABCDEABCDE[92mABCDEABCDE[93mABCDEABCDE[94mABCDEABCDE[95mABC
[95mDE[30mABCDEABCDE[31mABCDEABCDE[32mABCDEABCDE[33mABCDEABCDE[34mABCDEABCDE[35mABCDEABCDE[36mABCDEABCDE[37mABCDEABCDE[90mABCDEABCDE[91mABCDEABCDE[92mABCDEABCDE[93mABCDEABCDE[94mABCDEABCDE[95mABC
[95mDE[30mABCDEABCDE[31mABCDEABCDE[32mABCDEABCDE[33mABCDEABCDE[34mABCDEABCDE[35mABCDEABCDE[36mABCDEABCDE[37mABCDEABCDE[90mABCDEABCDE[91mABCDEABCDE[92mABCDEABCDE[93mABCDEABCDE[94mABCDEABCDE[95mABC
[95mDE[30mABCDEABCDE[31mABCDEABCDE[32mABCDEABCDE[33mABCDEABCDE[34mABCDEABCDE[35mABCDEABCDE[36mABCDEABCDE[37mABCDEABCDE[90mABCDEABCDE[91mABCDEABCDE[92mABCDEABCDE[93mABCDEABCDE[94mABCDEABCDE[95mABC
[95mDE[30mABCDEABCDE[31mABCDEABCDE[32mABCDEABCDE[33mABCDEABCDE[34mABCDEABCDE[35mABCDEABCDE[36mABCDEABCDE[37mABCDEABCDE[90mABCDEABCDE[91mABCDEABCDE[92mABCDEABCDE[93mABCDEABCDE[94mABCDEABCDE[95mABC
[95mDE[30mABCDEABCDE[31mABCDEABCDE[32mABCDEABCDE[33mABCDEABCDE[34mABCDEABCDE[35mABCDEABCDE[36mABCDEABCDE[37mABCDEABCDE[90mABCDEABCDE[91mABCDEABCDE[92mABCDEABCDE[93mABCDEABCDE[94mABCDEABCDE[95mABC
[95mDE[30mABCDEABCDE[31mABCDEABCDE[32mABCDEABCDE[33mABCDEABCDE[34mABCDEABCDE[35mABCDEABCDE[36mABCDEABCDE[37mABCDEABCDE[90mABCDEABCDE[91mABCDEABCDE[92mABCDEABCDE[93mABCDEABCDE[94mABCDEABCDE[95mABC
[95mDE[30mABCDEABCDE[31mABCDEABCDE[32mABCDEABCDE[33mABCDEABCDE[34mABCDEABCDE[35mABCDEABCDE[36mABCDEABCDE[37mABCDEABCDE[90mABCDEABCDE[91mABCDEABCDE[92mABCDEABCDE[93mABCDEABCDE[94mABCDEABCDE[95mABC
[95mDE[30mABCDEABCDE[31mABCDEABCDE[32mABCDEABCDE[33mABCDEABCDE[34mABCDEABCDE[35mABCDEABCDE[36mABCDEABCDE[37mABCDEABCDE[90mABCDEABCDE[91mABCDEABCDE[92mABCDEABCDE[93mABCDEABCDE[94mABCDEABCDE[95mABC
[95mDE[30mABCDEABCDE[31mABCDEABCDE[32mABCDEABCDE[33mABCDEABCDE[34mABCDEABCDE[35mABCDEABCDE[36mABCDEABCDE[37mABCDEABCDE[90mABCDEABCDE[91mABCDEABCDE[92mABCDEABCDE[93mABCDEABCDE[94mABCDEABCDE[95mABC
[95mDE[30mABCDEABCDE[31mABCDEABCDE[32mABCDEABCDE[33mABCDEABCDE[34mABCDEABCDE[35mABCDEABCDE[36mABCDEABCDE[37mABCDEABCDE[90mABCDEABCDE[91mABCDEABCDE[92mABCDEABCDE[93mABCDEABCDE[94mABCDEABCDE[95mABC
[95mDE[30mABCDEABCDE[31mABCDEABCDE[32mABCDEABCDE[33mABCDEABCDE[34mABCDEABCDE[35mABCDEABCDE[36mABCDEABCDE[37mABCDEABCDE[90mABCDEABCDE[91mABCDEABCDE[92mABCDEABCDE[93mABCDEABCDE[94mABCDEABCDE[95mABC
[95mDE[30mABCDEABCDE[31mABCDEABCDE[32mABCDEABCDE[33mABCDEABCDE[34mABCDEABCDE[35mABCDEABCDE[36mABCDEABCDE[37mABCDEABCDE[90mABCDEABCDE[91mABCDEABCDE[92mABCDEABCDE[93mABCDEABCDE[94mABCDEABCDE[95mABC
[95mDE[30mABCDEABCDE[31mABCDEABCDE[32mABCDEABCDE[33mABCDEABCDE[34mABCDEABCDE[35mABCDEABCDE[36mABCDEABCDE[37mABCDEABCDE[90mABCDEABCDE[91mABCDEABCDE[92mABCDEABCDE[93mABCDEABCDE[94mABCDEABCDE[95mABC
[95mDE[30mABCDEABCDE[31mABCDEABCDE[32mABCDEABCDE[33mABCDEABCDE[34mABCDEABCDE[35mABCDEABCDE[36mABCDEABCDE[37mABCDEABCDE[90mABCDEABCDE[91mABCDEABCDE[92mABCDEABCDE[93mABCDEABCDE[94mABCDEABCDE[95mABC
[95mDE[30mABCDEABCDE[31mABCDEABCDE[32mABCDEABCDE[33mABCDEABCDE[34mABCDEABCDE[35mABCDEABCDE[36mABCDEABCDE[37mABCDEABCDE[90mABCDEABCDE[91mABCDEABCDE[92mABCDEABCDE[93mABCDEABCDE[94mABCDEABCDE[95mABC[0m