[94mBCDE[95mABCDE[30mABCDEABCDE[31mABCDEABCDE[32mABCDEABCDE[33mABCDEABCDE[34mABCDEABCDE[35mABCDEABCDE[36mABCDEABCDE[37mABCDEABCDE[90mABCDEABCDE[91mABCDEABCDE[92mABCDEABCDE[93mABCDEABCDE[94mABCDEA
[94mBCDE[95mABCDE[30mABCDEABCDE[31mABCDEABCDE[32mABCDEABCDE[33mABCDEABCDE[34mABCDEABCDE[35mABCDEABCDE[36mABCDEABCDE[37mABCDEABCDE[90mABCDEABCDE[91mABCDEABCDE[92mABCDEABCDE[93mABCDEABCDE[94mABCDEA
[94mBCDE[95mABCDE[30mABCDEABCDE[31mABCDEABCDE[32mABCDEABCDE[33mABCDEABCDE[34mABCDEABCDE[35mABCDEABCDE[36mABCDEABCDE[37mABCDEABCDE[90mABCDEABCDE[91mABCDEABCDE[92mABCDEABCDE[93mABCDEABCDE[94mABCDEA
[94mBCDE[95mABCDE[30mABCDEABCDE[31mABCDEABCDE[32mABCDEABCDE[33mABCDEABCDE[34mABCDEABCDE[35mABCDEABCDE[36mABCDEABCDE[37mABCDEABCDE[90mABCDEABCDE[91mABCDEABCDE[92mABCDEABCDE[93mABCDEABCDE[94mABCDEA
[94mBCDE[95mABCDE[30mABCDEABCDE[31mABCDEABCDE[32mABCDEABCDE[33mABCDEABCDE[34mABCDEABCDE[35mABCDEABCDE[36mABCDEABCDE[37mABCDEABCDE[90mABCDEABCDE[91mABCDEABCDE[92mABCDEABCDE[93mABCDEABCDE[94mABCDEA
[94mBCDE[95mABCDE[30mABCDEABCDE[31mABCDEABCDE[32mABCDEABCDE[33mABCDEABCDE[34mABCDEABCDE[35mABCDEABCDE[36mABCDEABCDE[37mABCDEABCDE[90mABCDEABCDE[91mABCDEABCDE[92mABCDEABCDE[93mABCDEABCDE[94mABCDEA
[94mBCDE[95mABCDE[30mABCDEABCDE[31mABCDEABCDE[32mABCDEABCDE[33mABCDEABCDE[34mABCDEABCDE[35mABCDEABCDE[36mABCDEABCDE[37mABCDEABCDE[90mABCDEABCDE[91mABCDEABCDE[92mABCDEABCDE[93mABCDEABCDE[94mABCDEA
[94mBCDE[95mABCDE[30mABCDEABCDE[31mABCDEABCDE[32mABCDEABCDE[33mABCDEABCDE[34mABCDEABCDE[35mABCDEABCDE[36mABCDEABCDE[37mABCDEABCDE[90mABCDEABCDE[91mABCDEABCDE[92mABCDEABCDE[93mABCDEABCDE[94mABCDEA
[94mBCDE[95mABCDE[30mABCDEABCDE[31mABCDEABCDE[32mABCDEABCDE[33mABCDEABCDE[34mABCDEABCDE[35mABCDEABCDE[36mABCDEABCDE[37mABCDEABCDE[90mABCDEABCDE[91mABCDEABCDE[92mABCDEABCDE[93mABCDEABCDE[94mABCDEA
[94mBCDE[95mABCDE[30mABCDEABCDE[31mABCDEABCDE[32mABCDEABCDE[33mABCDEABCDE[34mABCDEABCDE[35mABCDEABCDE[36mABCDEABCDE[37mABCDEABCDE[90mABCDEABCDE[91mABCDEABCDE[92mABCDEABCDE[93mABCDEABCDE[94mABCDEA
[94mBCDE[95mABCDE[30mABCDEABCDE[31mABCDEABCDE[32mABCDEABCDE[33mABCDEABCDE[34mABCDEABCDE[35mABCDEABCDE[36mABCDEABCDE[37mABCDEABCDE[90mABCDEABCDE[91mABCDEABCDE[92mABCDEABCDE[93mABCDEABCDE[94mABCDEA
[94mBCDE[95mABCDE[30mABCDEABCDE[31mABCDEABCDE[32mABCDEABCDE[33mABCDEABCDE[34mABCDEABCDE[35mABCDEABCDE[36mABCDEABCDE[37mABCDEABCDE[90mABCDEABCDE[91mABCDEABCDE[92mABCDEABCDE[93mABCDEABCDE[94mABCDEA
[94mBCDE[95mABCDE[30mABCDEABCDE[31mABCDEABCDE[32mABCDEABCDE[33mABCDEABCDE[34mABCDEABCDE[35mABCDEABCDE[36mABCDEABCDE[37mABCDEABCDE[90mABCDEABCDE[91mABCDEABCDE[92mABCDEABCDE[93mABCDEABCDE[94mABCDEA
[94mBCDE[95mABCDE[30mABCDEABCDE[31mABCDEABCDE[32mABCDEABCDE[33mABCDEABCDE[34mABCDEABCDE[35mABCDEABCDE[36mABCDEABCDE[37mABCDEABCDE[90mABCDEABCDE[91mABCDEABCDE[92mABCDEABCDE[93mABCDEABCDE[94mABCDEA
[94mBCDE[95mABCDE[30mABCDEABCDE[31mABCDEABCDE[32mABCDEABCDE[33mABCDEABCDE[34mABCDEABCDE[35mABCDEABCDE[36mABCDEABCDE[37mABCDEABCDE[90mABCDEABCDE[91mABCDEABCDE[92mABCDEABCDE[93mABCDEABCDE[94mABCDEA
[94mBCDE[95mABCDE[30mABCDEABCDE[31mABCDEABCDE[32mABCDEABCDE[33mABCDEABCDE[34mABCDEABCDE[35mABCDEABCDE[36mABCDEABCDE[37mABCDEABCDE[90mABCDEABCDE[91mABCDEABCDE[92mABCDEABCDE[93mABCDEABCDE[94mABCDEA
[94mBCDE[95mABCDE[30mABCDEABCDE[31mABCDEABCDE[32mABCDEABCDE[33mABCDEABCDE[34mABCDEABCDE[35mABCDEABCDE[36mABCDEABCDE[37mABCDEABCDE[90mABCDEABCDE[91mABCDEABCDE[92mABCDEABCDE[93mABCDEABCDE[94mABCDEA
[94mBCDE[95mABCDE[30mABCDEABCDE[31mABCDEABCDE[32mABCDEABCDE[33mABCDEABCDE[34mABCDEABCDE[35mABCDEABCDE[36mABCDEABCDE[37mABCDEABCDE[90mABCDEABCDE[91mABCDEABCDE[92mABCDEABCDE[93mABCDEABCDE[94mABCDEA
[94mBCDE[95mABCDE[30mABCDEABCDE[31mABCDEABCDE[32mABCDEABCDE[33mABCDEABCDE[34mABCDEABCDE[35mABCDEABCDE[36mABCDEABCDE[37mABCDEABCDE[90mABCDEABCDE[91mABCDEABCDE[92mABCDEABCDE[93mABCDEABCDE[94mABCDEA
[94mBCDE[95mABCDE[30mABCDEABCDE[31mABCDEABCDE[32mABCDEABCDE[33mABCDEABCDE[34mABCDEABCDE[35mABCDEABCDE[36mABCDEABCDE[37mABCDEABCDE[90mABCDEABCDE[91mABCDEABCDE[92mABCDEABCDE[93mABCDEABCDE[94mABCDEA
[94mBCDE[95mABCDE[30mABCDEABCDE[31mABCDEABCDE[32mABCDEABCDE[33mABCDEABCDE[34mABCDEABCDE[35mABCDEABCDE[36mABCDEABCDE[37mABCDEABCDE[90mABCDEABCDE[91mABCDEABCDE[92mABCDEABCDE[93mABCDEABCDE[94mABCDEA
[94mBCDE[95mABCDE[30mABCDEABCDE[31mABCDEABCDE[32mABCDEABCDE[33mABCDEABCDE[34mABCDEABCDE[35mABCDEABCDE[36mABCDEABCDE[37mABCDEABCDE[90mABCDEABCDE[91mABCDEABCDE[92mABCDEABCDE[93mABCDEABCDE[94mABCDEA
[94mBCDE[95mABCDE[30mABCDEABCDE[31mABCDEABCDE[32mABCDEABCDE[33mABCDEABCDE[34mABCDEABCDE[35mABCDEABCDE[36mABCDEABCDE[37mABCDEABCDE[90mABCDEABCDE[91mABCDEABCDE[92mABCDEABCDE[93mABCDEABCDE[94mABCDEA
[94mBCDE[95mABCDE[30mABCDEABCDE[31mABCDEABCDE[32mABCDEABCDE[33mABCDEABCDE[34mABCDEABCDE[35mABCDEABCDE[36mABCDEABCDE[37mABCDEABCDE[90mABCDEABCDE[91mABCDEABCDE[92mABCDEABCDE[93mABCDEABCDE[94mABCDEA
[94mBCDE[95mABCDE[30mABCDEABCDE[31mABCDEABCDE[32mABCDEABCDE[33mABCDEABCDE[34mABCDEABCDE[35mABCDEABCDE[36mABCDEABCDE[37mABCDEABCDE[90mABCDEABCDE[91mABCDEABCDE[92mABCDEABCDE[93mABCDEABCDE[94mABCDEA
[94mBCDE[95mABCDE[30mABCDEABCDE[31mABCDEABCDE[32mABCDEABCDE[33mABCDEABCDE[34mABCDEABCDE[35mABCDEABCDE[36mABCDEABCDE[37mABCDEABCDE[90mABCDEABCDE[91mABCDEABCDE[92mABCDEABCDE[93mABCDEABCDE[94mABCDEA
[94mBCDE[95mABCDE[30mABCDEABCDE[31mABCDEABCDE[32mABCDEABCDE[33mABCDEABCDE[34mABCDEABCDE[35mABCDEABCDE[36mABCDEABCDE[37mABCDEABCDE[90mABCDEABCDE[91mABCDEABCDE[92mABCDEABCDE[93mABCDEABCDE[94mABCDEA
[94mBCDE[95mABCDE[30mABCDEABCDE[31mABCDEABCDE[32mABCDEABCDE[33mABCDEABCDE[34mABCDEABCDE[35mABCDEABCDE[36mABCDEABCDE[37mABCDEABCDE[90mABCDEABCDE[91mABCDEABCDE[92mABCDEABCDE[93mABCDEABCDE[94mABCDEA
[94mBCDE[95mABCDE[30mABCDEABCDE[31mABCDEABCDE[32mABCDEABCDE[33mABCDEABCDE[34mABCDEABCDE[35mABCDEABCDE[36mABCDEABCDE[37mABCDEABCDE[90mABCDEABCDE[91mABCDEABCDE[92mABCDEABCDE[93mABCDEABCDE[94mABCDEA
[94mBCDE[95mABCDE[30mABCDEABCDE[31mABCDEABCDE[32mABCDEABCDE[33mABCDEABCDE[34mABCDEABCDE[35mABCDEABCDE[36mABCDEABCDE[37mABCDEABCDE[90mABCDEABCDE[91mABCDEABCDE[92mABCDEABCDE[93mABCDEABCDE[94mABCDEA
[94mBCDE[95mABCDE[30mABCDEABCDE[31mABCDEABCDE[32mABCDEABCDE[33mABCDEABCDE[34mABCDEABCDE[35mABCDEABCDE[36mABCDEABCDE[37mABCDEABCDE[90mABCDEABCDE[91mABCDEABCDE[92mABCDEABCDE[93mABCDEABCDE[94mABCDEA
[94mBCDE[95mABCDE[30mABCDEABCDE[31mABCDEABCDE[32mABCDEABCDE[33mABCDEABCDE[34mABCDEABCDE[35mABCDEABCDE[36mABCDEABCDE[37mABCDEABCDE[90mABCDEABCDE[91mABCDEABCDE[92mABCDEABCDE[93mABCDEABCDE[94mABCDEA
[94mBCDE[95mABCDE[30mABCDEABCDE[31mABCDEABCDE[32mABCDEABCDE[33mABCDEABCDE[34mABCDEABCDE[35mABCDEABCDE[36mABCDEABCDE[37mABCDEABCDE[90mABCDEABCDE[91mABCDEABCDE[92mABCDEABCDE[93mABCDEABCDE[94mABCDEA
[94mBCDE[95mABCDE[30mABCDEABCDE[31mABCDEABCDE[32mABCDEABCDE[33mABCDEABCDE[34mABCDEABCDE[35mABCDEABCDE[36mABCDEABCDE[37mABCDEABCDE[90mABCDEABCDE[91mABCDEABCDE[92mABCDEABCDE[93mABCDEABCDE[94mABCDEA
[94mBCDE[95mABCDE[30mABCDEABCDE[31mABCDEABCDE[32mABCDEABCDE[33mABCDEABCDE[34mABCDEABCDE[35mABCDEABCDE[36mABCDEABCDE[37mABCDEABCDE[90mABCDEABCDE[91mABCDEABCDE[92mABCDEABCDE[93mABCDEABCDE[94mABCDEA
[94mBCDE[95mABCDE[30mABCDEABCDE[31mABCDEABCDE[32mABCDEABCDE[33mABCDEABCDE[34mABCDEABCDE[35mABCDEABCDE[36mABCDEABCDE[37mABCDEABCDE[90mABCDEABCDE[91mABCDEABCDE[92mABCDEABCDE[93mABCDEABCDE[94mABCDEA
[94mBCDE[95mABCDE[30mABCDEABCDE[31mABCDEABCDE[32mABCDEABCDE[33mABCDEABCDE[34mABCDEABCDE[35mABCDEABCDE[36mABCDEABCDE[37mABCDEABCDE[90mABCDEABCDE[91mABCDEABCDE[92mABCDEABCDE[93mABCDEABCDE[94mABCDEA
[94mBCDE[95mABCDE[30mABCDEABCDE[31mABCDEABCDE[32mABCDEABCDE[33mABCDEABCDE[34mABCDEABCDE[35mABCDEABCDE[36mABCDEABCDE[37mABCDEABCDE[90mABCDEABCDE[91mABCDEABCDE[92mABCDEABCDE[93mABCDEABCDE[94mABCDEA
[94mBCDE[95mABCDE[30mABCDEABCDE[31mABCDEABCDE[32mABCDEABCDE[33mABCDEABCDE[34mABCDEABCDE[35mABCDEABCDE[36mABCDEABCDE[37mABCDEABCDE[90mABCDEABCDE[91mABCDEABCDE[92mABCDEABCDE[93mABCDEABCDE[94mABCDEA
[94mBCDE[95mABCDE[30mABCDEABCDE[31mABCDEABCDE[32mABCDEABCDE[33mABCDEABCDE[34mABCDEABCDE[35mABCDEABCDE[36mABCDEABCDE[37mABCDEABCDE[90mABCDEABCDE[91mABCDEABCDE[92mABCDEABCDE[93mABCDEABCDE[94mABCDEA
[94mBCDE[95mABCDE[30mABCDEABCDE[31mABCDEABCDE[32mABCDEABCDE[33mABCDEABCDE[34mABCDEABCDE[35mABCDEABCDE[36mABCDEABCDE[37mABCDEABCDE[90mABCDEABCDE[91mABCDEABCDE[92mABCDEABCDE[93mABCDEABCDE[94mABCDEA
[94mBCDE[95mABCDE[30mABCDEABCDE[31mABCDEABCDE[32mABCDEABCDE[33mABCDEABCDE[34mABCDEABCDE[35mABCDEABCDE[36mABCDEABCDE[37mABCDEABCDE[90mABCDEABCDE[91mABCDEABCDE[92mABCDEABCDE[93mABCDEABCDE[94mABCDEA
[94mBCDE[95mABCDE[30mABCDEABCDE[31mABCDEABCDE[32mABCDEABCDE[33mABCDEABCDE[34mABCDEABCDE[35mABCDEABCDE[36mABCDEABCDE[37mABCDEABCDE[90mABCDEABCDE[91mABCDEABCDE[92mABCDEABCDE[93mABCDEABCDE[94mABCDEA
[94mBCDE[95mABCDE[30mABCDEABCDE[31mABCDEABCDE[32mABCDEABCDE[33mABCDEABCDE[34mABCDEABCDE[35mABCDEABCDE[36mABCDEABCDE[37mABCDEABCDE[90mABCDEABCDE[91mABCDEABCDE[92mABCDEABCDE[93mABCDEABCDE[94mABCDEA
[94mBCDE[95mABCDE[30mABCDEABCDE[31mABCDEABCDE[32mABCDEABCDE[33mABCDEABCDE[34mABCDEABCDE[35mABCDEABCDE[36mABCDEABCDE[37mABCDEABCDE[90mABCDEABCDE[91mABCDEABCDE[92mABCDEABCDE[93mABCDEABCDE[94mABCDEA
[94mBCDE[95mABCDE[30mABCDEABCDE[31mABCDEABCDE[32mABCDEABCDE[33mABCDEABCDE[34mABCDEABCDE[35mABCDEABCDE[36mABCDEABCDE[37mABCDEABCDE[90mABCDEABCDE[91mABCDEABCDE[92mABCDEABCDE[93mABCDEABCDE[94mABCDEA
[94mBCDE[95mABCDE[30mABCDEABCDE[31mABCDEABCDE[32mABCDEABCDE[33mABCDEABCDE[34mABCDEABCDE[35mABCDEABCDE[36mABCDEABCDE[37mABCDEABCDE[90mABCDEABCDE[91mABCDEABCDE[92mABCDEABCDE[93mABCDEABCDE[94mABCDEA
[94mBCDE[95mABCDE[30mABCDEABCDE[31mABCDEABCDE[32mABCDEABCDE[33mABCDEABCDE[34mABCDEABCDE[35mABCDEABCDE[36mABCDEABCDE[37mABCDEABCDE[90mABCDEABCDE[91mABCDEABCDE[92mABCDEABCDE[93mABCDEABCDE[94mABCDEA
[94mBCDE[95mABCDE[30mABCDEABCDE[31mABCDEABCDE[32mABCDEABCDE[33mABCDEABCDE[34mABCDEABCDE[35mABCDEABCDE[36mABCDEABCDE[37mABCDEABCDE[90mABCDEABCDE[91mABCDEABCDE[92mABCDEABCDE[93mABCDEABCDE[94mABCDEA[0m