[90m┌─────────────────────────────────────────────────────────────────────────────────────────────────────────────────────────────────────┐
│                                                                                        ┌──────────────────────────────────────────┐ │
│  [37m┌[97m─[37m───[90m────                                                                             │  [37m[100m               A[30mctions[37m [30m>[37m              [90m[49m  │ │
│  [37m│[90m [97m[[94mText[97m][36m prints into the main terminal window like any other terminal program or a[90m    │                                          │ │
│  [37m│[90m [36mMUD.                                                                            [90m    │  [37m[100m                 M[30msys[37m [30m>[37m               [90m[49m  │ │
│  │     [36m                                                                            [90m    │                                          │ │
│  │ [36m                                                                                [90m    │                                          │ │
│    [36mIt can be scrolled.                                                             [90m    │                                          │ │
│    [36m                                                                                [90m    │                                          │ │
│    [36mIt can be scrolled.                                                             [90m    │                                          │ │
│    [36m                                                                                [90m    │                                          │ │
│    [36mIt can be scrolled.                                                             [90m    │                                          │ │
│    [36m                                                                                [90m    │                                          │ │
│    [36mIt can be scrolled.                                                             [90m    │                                          │ │
│    [36m                                                                                [90m    │                                          │ │
│    [36mIt can be scrolled.                                                             [90m    │                                          │ │
│    [36m                                                                                [90m    │                                          │ │
│    [36mIt can be scrolled.                                                             [90m    │                                          │ │
│    [36m                                                                                [90m    │                                          │ │
│    [36m                                                                                [90m    │                                          │ │
│    [36m                                                                                [90m    │                                          │ │
│    [36m                                                                                [90m    │                                          │ │
│    [36m                                                                                [90m    │                                          │ │
│    [36m                                                                                [90m    │                                          │ │
│    [36m                                                                                [90m    │                                          │ │
│    [36m                                                                                [90m    │                                          │ │
│    [36m                                                                                [90m    │                                          │ │
│    [36m                                                                                [90m    │                                          │ │
│    [36m                                                                                [90m    │                                          │ │
│    [36m                                                                                [90m    │                                          │ │
│    [36m                                                                                [90m    │                                          │ │
│    [36m                                                                                [90m    │                                          │ │
│    [36m                                                                                [90m    │                                          │ │
│    [36m                                                                                [90m    │                                          │ │
│    [36m                                                                                [90m    │ sleep.talk channels                 .zZZ │ │
│    [36m                                                                                [90m    │ [37m────────────────────────────────────────[90m │ │
│    [36m                                                                                [90m    │ [36mDude1[94m hey what's up                     [90m │ │
│    [36m                                                                                [90m    │ [36mYou[94m not much man                        [90m │ │
│    [36m                                                                                [90m    │ [36mDude1[94m what I thought                    [90m │ │
│    [36m                                                                                [90m │  │                  [94m                       [90m │ │
│    [36m                                                                                [90m │  │                       [94m                  [90m │ │
│                                                      [36m                              [90m [37m│[90m  │ [94m                                        [90m │ │
│    [94mDid I tell you yet that it can be [93m[[97mSCROLLED???[93m][36m                                 [90m [37m│[90m  │ [94m                                        [90m │ │
│                                                                             ────[37m───[97m─[37m┘[90m  │ [94m                                        [90m │ │
│                                                                                        │ [94m                                        [90m │ │
│ [37mCommand? [36m>[96mlook[97m_[96m                                                                    [90m    │ [37m                                        [90m │ │
│                                                                                        └──────────────────────────────────────────┘ │
│                                                                                                                                     │[30m[100m
  MAGEterm Version best!.69  │[47m▓▓▓▓▓▓▓▓▓▓▓▓▓[90m▓▓▓[30m▒[90m▒░[30m∙[100m  [37mconn [30mA83K[37m::[30mS25J[37m::[30mN8DD/[34mfront[30m  [47m∙[90m░▒[30m▒[90m▓▓▓[30m▓▓▓▓▓▓▓▓▓▓▓▓▓▓▓▓[100m│  13:35  │[90m[47m▓▒[30m [34mVIRTUAL[30m / LUC [90m▒▓[30m[100m [0m
