┌─────────────────────────────────────────────────────────────────────────────────────────────────────────────────────────────────────┐[90m
│[94m                                                                                        [90m┌──────────────────────────────────────────┐[37m [90m│
│[94m                                                                                        [90m│[37m  [100m               A[30mctions[37m [30m>[37m              [49m  [90m│[37m [90m│
│[94m    [97m[[94mTop[97m][36m of the terminal window                                         Top [97m[[94mright[97m][94m    [90m│[37m                                          [90m│[37m [90m│
│[94m    [36m                                                                                [94m    [90m│[37m  [100m                 M[30msys[37m [30m>[37m               [49m  [90m│[37m [90m│
│[94m    [36mText prints into the main terminal window like any other terminal program, or a [94m    [90m│[37m                                          [90m│[37m [90m│
│[94m    [36mMUD.                                                                            [94m    [90m│[37m                                          [90m│[37m [90m│
│[94m    [36m                                                                                [94m    [90m│[37m                                          [90m│[37m [90m│
│[94m    [36mIt can be scrolled.                                                             [94m    [90m│[37m                                          [90m│[37m [90m│
│[94m    [36m                                                                                [94m    [90m│[37m                                          [90m│[37m [90m│
│[94m    [36m                                                                                [94m    [90m│[37m                                          [90m│[37m [90m│
│[94m    [36m                                                                                [94m    [90m│[37m                                          [90m│[37m [90m│
│[94m    [36m                                                                                [94m    [90m│[37m                                          [90m│[37m [90m│
│[94m    [36m                                                                                [94m    [90m│[37m                                          [90m│[37m [90m│
│[94m    [36m                                                                                [94m    [90m│[37m                                          [90m│[37m [90m│
│[94m    [36m                                                                                [94m    [90m│[37m                                          [90m│[37m [90m│
│[94m    [36m                                                                                [94m    [90m│[37m                                          [90m│[37m [90m│
│[94m    [36m                                                                                [94m    [90m│[37m                                          [90m│[37m [90m│
│[94m    [36m                                                                                [94m    [90m│[37m                                          [90m│[37m [90m│
│[94m    [36m                                                                                [94m    [90m│[37m                                          [90m│[37m [90m│
│[94m    [36m                                                                                [94m    [90m│[37m                                          [90m│[37m [90m│
│[94m    [36m                                                                                [94m    [90m│[37m                                          [90m│[37m [90m│
│[94m    [36m                                                                                [94m    [90m│[37m                                          [90m│[37m [90m│
│[94m    [36m                                                                                [94m    [90m│[37m                                          [90m│[37m [90m│
│[94m    [36m                                                                                [94m    [90m│[37m                                          [90m│[37m [90m│
│[94m    [36m                                                                                [94m    [90m│[37m                                          [90m│[37m [90m│
│[94m    [36m                                                                                [94m    [90m│[37m                                          [90m│[37m [90m│
│[94m    [36m                                                                                [94m    [90m│[37m                                          [90m│[37m [90m│
│[94m    [36m                                                                                [94m    [90m│[37m                                          [90m│[37m [90m│
│[94m    [36m                                                                                [94m    [90m│[37m                                          [90m│[37m [90m│
│[94m    [36m                                                                                [94m    [90m│[37m                                          [90m│[37m [90m│
│[94m    [36m                                                                                [94m    [90m│[37m                                          [90m│[37m [90m│
│[94m    [36m                                                                                [94m    [90m│[37m                                          [90m│[37m [90m│
│[94m    [36m                                                                                [94m    [90m│[37m                                          [90m│[37m [90m│
│[94m    [36m                                                                                [94m    [90m│[37m                                          [90m│[37m [90m│
│[94m    [36m                                                                                [94m    [90m│[37m                                          [90m│[37m [90m│
│[94m    [36m                                                                                [94m    [90m│[37m                                          [90m│[37m [90m│
│[94m    [36m                                                                                [94m    [90m│[37m Chat                                     [90m│[37m [90m│
│[94m    [36m                                                                                [94m    [90m│[37m ──────────────────────────────────────── [90m│[37m [90m│
│[94m    [36m                                                                                [94m    [90m│[37m [36mDude1[94m hey what's up                      [90m│[37m [90m│
│[94m    [36m                                                                                [94m    [90m│[37m [36mYou[94m not much man                        [37m [90m│[37m [90m│
│[94m    [36m                                                                                [94m    [90m│[37m [36mDude1[94m what I thought                     [90m│[37m [90m│
│[94m    [97m[[94mBottom[97m][36m of the terminal window                                   [97m[[36mBottom[97m][94m Right    [90m│[94m                                          [90m│[37m [90m│
│[94m                                                                                        [90m│[94m                                          [90m│[37m [90m│
│[94m                                                                                        [90m│[94m                                          [90m│[37m [90m│
│[37m Command? [36m>[96mlook[97m_[36m                                                                    [94m    [90m│[37m ──────────────────────────────────────── [90m│[37m [90m│
│[94m                                                                                        [90m└──────────────────────────────────────────┘[37m [90m│
│[94m                                                                                                                                     [90m│[47m
  MAGEterm Version best!.69  [30m│                 [90m·░▒▓[30m[100m  [37mconn [30mA83K[37m::[30mS25J[37m::[30mN8DD/[34mfront[30m  [90m[47m▓▒░·[30m                     │[90m  13:35  [30m│  [34mVIRTUAL[30m / LUC  [0m
